2025-06-17 13:44:09 error: Registration failed
2025-06-17 13:44:58 info: Server running on port 5000
2025-06-17 13:44:58 info: Cron jobs initialized
2025-06-17 13:44:58 info: Database synced successfully
2025-06-17 13:45:04 info: Server running on port 5000
2025-06-17 13:45:04 info: Cron jobs initialized
2025-06-17 13:45:04 info: Database synced successfully
2025-06-17 13:49:01 info: Server running on port 5000
2025-06-17 13:49:01 info: Cron jobs initialized
2025-06-17 13:49:01 info: Database synced successfully
2025-06-17 13:49:14 info: Server running on port 5000
2025-06-17 13:49:14 info: Cron jobs initialized
2025-06-17 13:49:14 info: Database synced successfully
2025-06-17 14:00:00 info: Running expired password reset tokens cleanup
2025-06-17 14:00:00 info: Cleaned up 0 expired password reset table
2025-06-17 14:02:23 info: Server running on port 5000
2025-06-17 14:02:25 info: Server running on port 5000
2025-06-17 14:02:25 info: Cron jobs initialized
2025-06-17 14:02:25 info: Database synced successfully
2025-06-17 14:02:29 info: Server running on port 5000
2025-06-17 14:02:29 info: Cron jobs initialized
2025-06-17 14:02:29 info: Database synced successfully
2025-06-17 14:03:59 info: Server running on port 5000
2025-06-17 14:03:59 info: Cron jobs initialized
2025-06-17 14:03:59 info: Database synced successfully
2025-06-17 14:04:37 error: Registration failed
2025-06-17 14:05:07 info: Server running on port 5000
2025-06-17 14:05:07 info: Cron jobs initialized
2025-06-17 14:05:07 info: Database synced successfully
2025-06-17 14:07:45 info: Server running on port 5000
2025-06-17 14:07:45 info: Cron jobs initialized
2025-06-17 14:07:45 info: Database synced successfully
2025-06-17 14:08:07 info: Server running on port 5000
2025-06-17 14:08:07 info: Cron jobs initialized
2025-06-17 14:08:07 info: Database synced successfully
2025-06-17 14:08:12 info: Server running on port 5000
2025-06-17 14:08:12 info: Cron jobs initialized
2025-06-17 14:08:12 info: Database synced successfully
2025-06-17 14:08:20 info: Server running on port 5000
2025-06-17 14:08:20 info: Cron jobs initialized
2025-06-17 14:08:20 info: Database synced successfully
2025-06-17 14:08:22 info: Server running on port 5000
2025-06-17 14:08:22 info: Cron jobs initialized
2025-06-17 14:08:22 info: Database synced successfully
2025-06-17 14:08:27 info: Server running on port 5000
2025-06-17 14:08:28 info: Cron jobs initialized
2025-06-17 14:08:28 info: Database synced successfully
2025-06-17 14:09:30 error: Registration failed
2025-06-17 14:14:08 info: Server running on port 5000
2025-06-17 14:14:09 info: Cron jobs initialized
2025-06-17 14:14:09 info: Database synced successfully
2025-06-17 14:14:45 info: Server running on port 5000
2025-06-17 14:14:45 info: Cron jobs initialized
2025-06-17 14:14:45 info: Database synced successfully
2025-06-17 14:14:47 info: Server running on port 5000
2025-06-17 14:14:47 info: Cron jobs initialized
2025-06-17 14:14:47 info: Database synced successfully
2025-06-17 14:15:37 error: Registration failed
2025-06-17 14:19:09 error: Database sync failed
2025-06-17 14:19:17 info: Test database connection closed
2025-06-17 14:19:20 error: Database sync failed
2025-06-17 14:19:26 error: Registration failed
2025-06-17 14:19:30 error: Registration failed
2025-06-17 14:19:35 error: Registration failed
2025-06-17 14:19:38 error: Registration failed
2025-06-17 14:19:41 error: Forgot password failed
2025-06-17 14:19:44 error: Registration failed
2025-06-17 14:19:46 error: Forgot password failed
2025-06-17 14:19:48 info: Test database connection closed
2025-06-17 14:26:46 error: Registration failed
2025-06-17 14:30:04 info: Server running on port 5000
2025-06-17 14:30:04 info: Cron jobs initialized
2025-06-17 14:30:04 info: Database synced successfully
2025-06-17 14:31:19 error: Database sync failed
2025-06-17 14:31:23 info: Test database connection closed
2025-06-17 14:31:26 error: Database sync failed
2025-06-17 14:31:37 error: Forgot password failed
2025-06-17 14:31:40 error: Forgot password failed
2025-06-17 14:31:43 info: Test database connection closed
2025-06-17 14:54:25 info: Server running on port 5000
2025-06-17 14:54:25 info: Cron jobs initialized
2025-06-17 14:54:25 info: Database synced successfully
2025-06-17 14:54:32 info: Server running on port 5000
2025-06-17 14:54:32 info: Cron jobs initialized
2025-06-17 14:54:32 info: Database synced successfully
2025-06-17 14:54:36 info: Server running on port 5000
2025-06-17 14:54:36 info: Cron jobs initialized
2025-06-17 14:54:36 info: Database synced successfully
2025-06-17 14:54:39 info: Server running on port 5000
2025-06-17 14:54:40 info: Cron jobs initialized
2025-06-17 14:54:40 info: Database synced successfully
2025-06-17 14:54:44 info: Server running on port 5000
2025-06-17 14:54:44 info: Cron jobs initialized
2025-06-17 14:54:44 info: Database synced successfully
2025-06-17 14:54:46 info: Server running on port 5000
2025-06-17 14:54:46 info: Cron jobs initialized
2025-06-17 14:54:46 info: Database synced successfully
2025-06-17 14:54:53 info: Server running on port 5000
2025-06-17 14:54:53 info: Cron jobs initialized
2025-06-17 14:54:53 info: Database synced successfully
2025-06-17 14:54:57 info: Server running on port 5000
2025-06-17 14:54:58 info: Cron jobs initialized
2025-06-17 14:54:58 info: Database synced successfully
2025-06-17 15:00:00 info: Running expired password reset tokens cleanup
2025-06-17 15:00:00 info: Cleaned up 0 expired password reset table
2025-06-17 15:06:36 info: Server running on port 5000
2025-06-17 15:06:36 info: Cron jobs initialized
2025-06-17 15:06:36 info: Database synced successfully
2025-06-17 15:06:40 info: Server running on port 5000
2025-06-17 15:06:40 info: Cron jobs initialized
2025-06-17 15:06:40 info: Database synced successfully
2025-06-17 15:07:03 info: Server running on port 5000
2025-06-17 15:07:03 info: Cron jobs initialized
2025-06-17 15:07:03 info: Database synced successfully
2025-06-17 15:07:09 info: Server running on port 5000
2025-06-17 15:07:09 info: Cron jobs initialized
2025-06-17 15:07:09 info: Database synced successfully
2025-06-17 15:10:28 error: Registration failed
2025-06-17 15:12:12 error: Database sync failed
2025-06-17 15:12:16 error: Registration failed
2025-06-17 15:12:17 error: Registration failed
2025-06-17 15:12:19 error: Registration failed
2025-06-17 15:12:20 error: Registration failed
2025-06-17 15:12:23 error: Forgot password failed
2025-06-17 15:12:24 error: Registration failed
2025-06-17 15:12:26 error: Forgot password failed
2025-06-17 15:12:28 info: Test database connection closed
2025-06-17 15:12:32 error: Database sync failed
2025-06-17 15:12:36 info: Test database connection closed
2025-06-17 15:13:32 error: Database sync failed
2025-06-17 15:13:34 error: Registration failed
2025-06-17 15:13:35 error: Registration failed
2025-06-17 15:13:36 error: Registration failed
2025-06-17 15:13:37 error: Registration failed
2025-06-17 15:13:41 error: Forgot password failed
2025-06-17 15:13:41 error: Registration failed
2025-06-17 15:13:43 error: Forgot password failed
2025-06-17 15:13:46 info: Test database connection closed
2025-06-17 15:13:48 error: Database sync failed
2025-06-17 15:13:52 info: Test database connection closed
2025-06-17 15:22:41 error: Registration failed
2025-06-17 15:26:20 info: Server running on port 5000
2025-06-17 15:26:20 info: Cron jobs initialized
2025-06-17 15:26:20 info: Database synced successfully
2025-06-17 15:26:23 info: Server running on port 5000
2025-06-17 15:26:24 info: Cron jobs initialized
2025-06-17 15:26:24 info: Database synced successfully
2025-06-17 15:26:26 info: Server running on port 5000
2025-06-17 15:26:26 info: Cron jobs initialized
2025-06-17 15:26:26 info: Database synced successfully
2025-06-17 15:27:34 info: Server running on port 5000
2025-06-17 15:27:34 info: Cron jobs initialized
2025-06-17 15:27:34 info: Database synced successfully
2025-06-17 15:28:07 error: Registration failed
2025-06-17 15:28:18 info: Server running on port 5000
2025-06-17 15:28:18 info: Cron jobs initialized
2025-06-17 15:28:18 info: Database synced successfully
2025-06-17 15:29:13 error: Database sync failed
2025-06-17 15:29:24 error: Forgot password failed
2025-06-17 15:29:27 error: Forgot password failed
2025-06-17 15:29:29 info: Test database connection closed
2025-06-17 15:29:34 error: Database sync failed
2025-06-17 15:29:37 info: Test database connection closed
2025-06-17 15:35:20 info: Server running on port 5000
2025-06-17 15:35:20 info: Cron jobs initialized
2025-06-17 15:35:20 info: Database synced successfully
2025-06-17 15:35:25 info: Server running on port 5000
2025-06-17 15:35:25 info: Cron jobs initialized
2025-06-17 15:35:25 info: Database synced successfully
2025-06-17 15:35:29 info: Server running on port 5000
2025-06-17 15:35:29 info: Cron jobs initialized
2025-06-17 15:35:29 info: Database synced successfully
2025-06-17 15:35:36 info: Server running on port 5000
2025-06-17 15:35:37 info: Cron jobs initialized
2025-06-17 15:35:37 info: Database synced successfully
2025-06-17 15:35:47 error: Database sync failed
2025-06-17 15:35:52 info: Test database connection closed
2025-06-17 15:35:56 error: Database sync failed
2025-06-17 15:36:01 info: Test database connection closed
2025-06-17 15:36:15 info: Server running on port 5000
2025-06-17 15:36:16 info: Cron jobs initialized
2025-06-17 15:36:16 info: Database synced successfully
2025-06-17 15:36:20 info: Server running on port 5000
2025-06-17 15:36:20 info: Cron jobs initialized
2025-06-17 15:36:20 info: Database synced successfully
2025-06-17 15:37:12 error: Database sync failed
2025-06-17 15:37:21 error: Forgot password failed
2025-06-17 15:37:24 error: Forgot password failed
2025-06-17 15:37:26 info: Test database connection closed
2025-06-17 15:37:29 error: Database sync failed
2025-06-17 15:37:33 info: Test database connection closed
2025-06-17 15:40:52 error: Database sync failed
2025-06-17 15:41:31 error: Forgot password failed
2025-06-17 15:41:34 error: Forgot password failed
2025-06-17 15:41:36 info: Test database connection closed
2025-06-17 15:41:39 error: Database sync failed
2025-06-17 15:41:43 info: Test database connection closed
2025-06-17 15:49:11 error: Database sync failed
2025-06-17 15:49:20 error: Forgot password failed
2025-06-17 15:49:23 error: Forgot password failed
2025-06-17 15:49:25 info: Test database connection closed
2025-06-17 15:49:29 error: Database sync failed
2025-06-17 15:49:34 info: Test database connection closed
2025-06-17 15:51:57 info: Server running on port 5000
2025-06-17 15:51:57 info: Cron jobs initialized
2025-06-17 15:51:57 info: Database synced successfully
2025-06-17 15:57:17 info: Server running on port 5000
2025-06-17 15:57:18 info: Cron jobs initialized
2025-06-17 15:57:18 info: Database synced successfully
2025-06-17 15:58:22 info: Server running on port 5000
2025-06-17 15:58:22 info: Cron jobs initialized
2025-06-17 15:58:22 info: Database synced successfully
2025-06-17 15:58:32 info: Server running on port 5000
2025-06-17 15:58:32 info: Cron jobs initialized
2025-06-17 15:58:32 info: Database synced successfully
2025-06-17 16:00:00 info: Running expired password reset tokens cleanup
2025-06-17 16:00:00 info: Cleaned up 0 expired password reset table
2025-06-17 16:00:05 info: Server running on port 5000
2025-06-17 16:00:05 info: Cron jobs initialized
2025-06-17 16:00:05 info: Database synced successfully
2025-06-17 16:02:15 info: Server running on port 5000
2025-06-17 16:02:15 info: Cron jobs initialized
2025-06-17 16:02:15 info: Database synced successfully
2025-06-17 16:02:19 info: Server running on port 5000
2025-06-17 16:02:19 info: Cron jobs initialized
2025-06-17 16:02:19 info: Database synced successfully
2025-06-17 16:02:27 info: Server running on port 5000
2025-06-17 16:02:27 info: Cron jobs initialized
2025-06-17 16:02:27 info: Database synced successfully
2025-06-17 16:02:32 info: Server running on port 5000
2025-06-17 16:02:32 info: Cron jobs initialized
2025-06-17 16:02:32 info: Database synced successfully
2025-06-17 16:03:55 info: Server running on port 5000
2025-06-17 16:03:55 info: Cron jobs initialized
2025-06-17 16:03:55 info: Database synced successfully
2025-06-17 16:04:24 info: Server running on port 5000
2025-06-17 16:04:24 info: Cron jobs initialized
2025-06-17 16:04:24 info: Database synced successfully
2025-06-17 16:04:37 info: Server running on port 5000
2025-06-17 16:04:37 info: Cron jobs initialized
2025-06-17 16:04:37 info: Database synced successfully
2025-06-17 17:13:01 info: Cron jobs initialized
2025-06-17 17:13:01 info: Database synced successfully
2025-06-17 17:13:11 error: Forgot password failed
2025-06-17 17:13:14 error: Forgot password failed
2025-06-17 17:13:16 info: Test database connection closed
