2025-06-16 14:39:53 info: Server running on port 5000
2025-06-16 14:39:56 info: Cron jobs initialized
2025-06-16 14:39:56 info: Database synced successfully
2025-06-16 14:51:38 info: Server running on port 5000
2025-06-16 14:51:38 info: Cron jobs initialized
2025-06-16 14:51:38 info: Database synced successfully
2025-06-16 15:21:25 info: Server running on port 5000
2025-06-16 15:21:26 info: Cron jobs initialized
2025-06-16 15:21:26 info: Database synced successfully
2025-06-16 15:22:03 info: Server running on port 5000
2025-06-16 15:22:03 info: Cron jobs initialized
2025-06-16 15:22:03 info: Database synced successfully
2025-06-16 15:22:21 info: Server running on port 5000
2025-06-16 15:22:21 info: Cron jobs initialized
2025-06-16 15:22:21 info: Database synced successfully
2025-06-16 15:54:23 info: Server running on port 5000
2025-06-16 15:54:23 info: Cron jobs initialized
2025-06-16 15:54:23 info: Database synced successfully
2025-06-16 15:55:17 info: Server running on port 5000
2025-06-16 15:55:17 info: Cron jobs initialized
2025-06-16 15:55:17 info: Database synced successfully
2025-06-16 15:55:46 info: Server running on port 5000
2025-06-16 15:55:46 info: Cron jobs initialized
2025-06-16 15:55:46 info: Database synced successfully
2025-06-16 15:56:22 info: Server running on port 5000
2025-06-16 15:56:23 info: Cron jobs initialized
2025-06-16 15:56:23 info: Database synced successfully
2025-06-16 15:56:38 info: Server running on port 5000
2025-06-16 15:56:38 info: Cron jobs initialized
2025-06-16 15:56:38 info: Database synced successfully
2025-06-16 15:58:19 info: Server running on port 5000
2025-06-16 15:58:20 info: Cron jobs initialized
2025-06-16 15:58:20 info: Database synced successfully
2025-06-16 15:59:29 info: Server running on port 5000
2025-06-16 15:59:29 info: Cron jobs initialized
2025-06-16 15:59:29 info: Database synced successfully
2025-06-16 15:59:42 info: Server running on port 5000
2025-06-16 15:59:42 info: Cron jobs initialized
2025-06-16 15:59:42 info: Database synced successfully
2025-06-16 16:00:00 info: Running expired password reset tokens cleanup
2025-06-16 16:00:00 info: Cleaned up 0 expired password reset table
2025-06-16 16:00:23 info: Server running on port 5000
2025-06-16 16:00:23 info: Cron jobs initialized
2025-06-16 16:00:23 info: Database synced successfully
2025-06-16 16:02:15 info: Server running on port 5000
2025-06-16 16:02:15 info: Cron jobs initialized
2025-06-16 16:02:15 info: Database synced successfully
2025-06-16 16:02:40 info: Server running on port 5000
2025-06-16 16:02:40 info: Cron jobs initialized
2025-06-16 16:02:40 info: Database synced successfully
2025-06-16 16:02:57 info: Server running on port 5000
2025-06-16 16:02:57 info: Cron jobs initialized
2025-06-16 16:02:57 info: Database synced successfully
2025-06-16 16:05:27 info: Server running on port 5000
2025-06-16 16:05:27 info: Cron jobs initialized
2025-06-16 16:05:27 info: Database synced successfully
2025-06-16 16:06:55 info: Server running on port 5000
2025-06-16 16:06:55 info: Cron jobs initialized
2025-06-16 16:06:55 info: Database synced successfully
